Admin00%
Admin00$
Admin01@
Admin01^
Admin01$
Admin03!
Admin03$
Admin04%
Admin04@
Admin04^
Admin05#
Admin05@
Admin05$
Admin06!
Admin06#
Admin06%
Admin07%
Admin08!
Admin08#
Admin08@
Admin08^
Admin09#
Admin09%
Admin09^
Admin10!
Admin10#
Admin10^
Admin11#
Admin11@
Admin11$
Admin12!
Admin12#
Admin12@
Admin12^
Admin12$
Admin13^
Admin14!
Admin14#
Admin14^
Admin15!
Admin15#
Admin15^
Admin15$
Admin16#
Admin16%
Admin16^
Admin17#
Admin17%
Admin18#
Admin18%
Admin18@
Admin19^
Admin19$
Admin20!
Admin20@
Admin20$
Admin21%
Admin22!
Admin22#
Admin22%
Admin22$
Admin23%
Admin23^
Admin24#
Admin24%
Admin24@
Admin24$
Admin25!
Admin25#
Admin25@
Admin25^
Admin26!
Admin26$
Admin27!
Admin27%
Admin28!
Admin28#
Admin28%
Admin28^
Admin29%
Admin29@
Admin29^
Admin29$
Admin30#
Admin31^
Admin33%
Admin34!
Admin34#
Admin36!
Admin36#
Admin36%
Admin36@
Admin36^
Admin36$
Admin37#
Admin37%
Admin37@
Admin37$
Admin38!
Admin38#
Admin38%
Admin38@
Admin38^
Admin38$
Admin39^
Admin40#
Admin40^
Admin40$
Admin41@
Admin41^
Admin41$
Admin42!
Admin42#
Admin42%
Admin43!
Admin43#
Admin43%
Admin43@
Admin44!
Admin44#
Admin45!
Admin45%
Admin45@
Admin45^
Admin45$
Admin47%
Admin48!
Admin48#
Admin48^
Admin48$
Admin49^
Admin50!
Admin50#
Admin50$
Admin51#
Admin51^
Admin52^
Admin53!
Admin53#
Admin53%
Admin54!
Admin54#
Admin55#
Admin55^
Admin55$
Admin56^
Admin57^
Admin57$
Admin58!
Admin58#
Admin58$
Admin59!
Admin59#
Admin59^
Admin59$
Admin60#
Admin60^
Admin61!
Admin61#
Admin61%
Admin61^
Admin62!
Admin62^
Admin62$
Admin63%
Admin63^
Admin64#
Admin65!
Admin65#
Admin66$
Admin67#
Admin67%
Admin67^
Admin67$
Admin68^
Admin69!
Admin69#
Admin69%
Admin69$
Admin70!
Admin70%
Admin71#
Admin71$
Admin72#
Admin73#
Admin73$
Admin74!
Admin75#
Admin75%
Admin75@
Admin75$
Admin76!
Admin76#
Admin76%
Admin76^
Admin77#
Admin78!
Admin78%
Admin78@
Admin78$
Admin79!
Admin79#
Admin79%
Admin79@
Admin79^
Admin79$
Admin80!
Admin80#
Admin80@
Admin80^
Admin80$
Admin81!
Admin81#
Admin81%
Admin81@
Admin81$
Admin82!
Admin82#
Admin82^
Admin83$
Admin84!
Admin84^
Admin85!
Admin86%
Admin86@
Admin86$
Admin87#
Admin87%
Admin87@
Admin87^
Admin88#
Admin88%
Admin89!
Admin89@
Admin89$
Admin90!
Admin90#
Admin90@
Admin90^
Admin90$
Admin91@
Admin91^
Admin92!
Admin92%
Admin92@
Admin93!
Admin93#
Admin93^
Admin94#
Admin94%
Admin95#
Admin95$
Admin96#
Admin96%
Admin96@
Admin97$
Admin98!
Admin98@
Admin98^
Admin99#
Admin99%
Admin99@
Admin99^
Admin99$
Password00!
Password00#
Password00%
Password01!
Password02^
Password02$
Password03#
Password04#
Password04%
Password04@
Password04^
Password05%
Password05@
Password05^
Password06!
Password06#
Password06^
Password07!
Password07^
Password07$
Password08!
Password09#
Password09^
Password10!
Password10$
Password11%
Password11$
Password13!
Password13#
Password13%
Password14!
Password14@
Password14^
Password15^
Password15$
Password16%
Password16^
Password16$
Password17!
Password17#
Password17@
Password17^
Password17$
Password18%
Password18@
Password18$
Password19@
Password19^
Password19$
Password20%
Password20^
Password20$
Password21#
Password21%
Password21^
Password23#
Password23%
Password23@
Password23$
Password24@
Password24^
Password25!
Password25@
Password25^
Password25$
Password26!
Password26@
Password26^
Password27!
Password27%
Password27^
Password27$
Password28!
Password28%
Password28@
Password28^
Password29#
Password29%
Password29@
Password29$
Password30#
Password30$
Password31$
Password32!
Password32@
Password32^
Password34!
Password34#
Password34@
Password34^
Password34$
Password35#
Password35%
Password36#
Password36%
Password36@
Password37!
Password37@
Password37^
Password38#
Password38%
Password39!
Password39@
Password39$
Password40#
Password40%
Password40@
Password41#
Password41%
Password41^
Password42!
Password42#
Password44%
Password44@
Password44$
Password45#
Password45$
Password46%
Password47#
Password47@
Password47^
Password48^
Password49#
Password49%
Password49@
Password49^
Password50#
Password50%
Password51%
Password52!
Password52@
Password52$
Password53!
Password53#
Password53@
Password54#
Password54%
Password54@
Password55!
Password55#
Password55%
Password55^
Password55$
Password56!
Password56#
Password56^
Password56$
Password57%
Password57@
Password57^
Password57$
Password58#
Password59%
Password59@
Password59^
Password59$
Password60%
Password60@
Password60^
Password61#
Password61%
Password62%
Password62^
Password62$
Password63!
Password63@
Password63$
Password64!
Password64%
Password64$
Password65#
Password65%
Password65^
Password65$
Password66^
Password68@
Password68$
Password69@
Password69^
Password69$
Password70!
Password70^
Password71%
Password71@
Password71$
Password72!
Password72#
Password72^
Password73!
Password73#
Password73%
Password73@
Password73$
Password74@
Password74$
Password75!
Password75#
Password76!
Password76^
Password77^
Password77$
Password79!
Password79@
Password79^
Password79$
Password80^
Password81#
Password81$
Password82@
Password82$
Password84#
Password84%
Password84@
Password84$
Password85%
Password86@
Password86^
Password87!
Password88#
Password88^
Password89#
Password89@
Password90!
Password90@
Password92#
Password92@
Password92^
Password92$
Password93#
Password93@
Password94%
Password94@
Password95!
Password95@
Password96!
Password96#
Password96@
Password96^
Password97!
Password97#
Password97%
Password97@
Password98!
Password98#
Password98^
Password99@
Service01@
Service01^
Service02!
Service02#
Service02%
Service03#
Service04@
Service05!
Service05#
Service05^
Service05$
Service06!
Service06#
Service06%
Service06@
Service06^
Service06$
Service09!
Service09@
Service09$
Service10%
Service10^
Service10$
Service11#
Service11%
Service11@
Service11^
Service12%
Service12$
Service13#
Service13$
Service14#
Service14^
Service14$
Service15!
Service15#
Service15@
Service15$
Service16!
Service16$
Service17#
Service17^
Service18!
Service18#
Service18^
Service19!
Service19%
Service20#
Service20%
Service20@
Service20^
Service21#
Service21^
Service21$
Service22!
Service22^
Service22$
Service24%
Service24^
Service24$
Service25%
Service25^
Service26@
Service26$
Service27^
Service28@
Service29!
Service29#
Service29^
Service29$
Service30!
Service30%
Service30@
Service31#
Service31%
Service31@
Service32@
Service32$
Service33@
Service33^
Service34#
Service34@
Service34$
Service35#
Service35@
Service36#
Service36%
Service36$
Service37!
Service37^
Service38#
Service39@
Service40!
Service40@
Service40^
Service40$
Service41%
Service41^
Service42#
Service42$
Service43#
Service43%
Service43$
Service44!
Service44$
Service45!
Service45%
Service45^
Service46^
Service46$
Service47%
Service47@
Service47^
Service47$
Service48%
Service48@
Service49@
Service50#
Service50^
Service51#
Service51%
Service52!
Service52#
Service52$
Service53!
Service53@
Service53$
Service54^
Service54$
Service55#
Service55^
Service56#
Service56@
Service56$
Service57%
Service57$
Service58!
Service58@
Service58$
Service59#
Service59$
Service60#
Service60$
Service61%
Service61^
Service62#
Service63!
Service63%
Service64!
Service64%
Service64$
Service65^
Service65$
Service66%
Service66^
Service67!
Service67%
Service67@
Service67^
Service67$
Service68@
Service68$
Service69@
Service69^
Service69$
Service70!
Service70#
Service70%
Service70@
Service70^
Service71!
Service71^
Service72!
Service72#
Service72%
Service72^
Service73!
Service73$
Service74#
Service74%
Service75#
Service75@
Service75^
Service76!
Service76#
Service76%
Service76@
Service76^
Service77!
Service77^
Service77$
Service78!
Service78%
Service78^
Service79@
Service79$
Service80!
Service80#
Service80%
Service80^
Service81%
Service81@
Service81^
Service83@
Service84!
Service84#
Service84@
Service84$
Service85^
Service85$
Service86#
Service86%
Service86^
Service86$
Service87!
Service87#
Service87^
Service88@
Service89%
Service92!
Service92#
Service93!
Service93%
Service93$
Service94!
Service94%
Service94@
Service94^
Service95#
Service95%
Service96%
Service97^
Service98%
Service99#
Summer00@
Summer00$
Summer01!
Summer01#
Summer02%
Summer03#
Summer03%
Summer03@
Summer03$
Summer04!
Summer04#
Summer04$
Summer05#
Summer05%
Summer05@
Summer05$
Summer06@
Summer06^
Summer06$
Summer07@
Summer07$
Summer09#
Summer09%
Summer09^
Summer10^
Summer10$
Summer11#
Summer11%
Summer11^
Summer11$
Summer12!
Summer12#
Summer13$
Summer14@
Summer15!
Summer15%
Summer16%
Summer16@
Summer16$
Summer17@
Summer17^
Summer17$
Summer18#
Summer18%
Summer18^
Summer18$
Summer19!
Summer19@
Summer19^
Summer19$
Summer20#
Summer20%
Summer21!
Summer21#
Summer21%
Summer21@
Summer22!
Summer22@
Summer23!
Summer23#
Summer23%
Summer23@
Summer24!
Summer24#
Summer24^
Summer24$
Summer25!
Summer25%
Summer25@
Summer25$
Summer26!
Summer26@
Summer26^
Summer26$
Summer27$
Summer28#
Summer28$
Summer29#
Summer29@
Summer30!
Summer30#
Summer30@
Summer30$
Summer31!
Summer31#
Summer31%
Summer31@
Summer32#
Summer32^
Summer33@
Summer33^
Summer33$
Summer34%
Summer34@
Summer35#
Summer35%
Summer35@
Summer36^
Summer37#
Summer37@
Summer37$
Summer38!
Summer38#
Summer38%
Summer38^
Summer39!
Summer39%
Summer39$
Summer40^
Summer41!
Summer41@
Summer42#
Summer43%
Summer43@
Summer43^
Summer44#
Summer44$
Summer45#
Summer45@
Summer45$
Summer46!
Summer46@
Summer46^
Summer47#
Summer47$
Summer48%
Summer49#
Summer49%
Summer49@
Summer49^
Summer50!
Summer50#
Summer50@
Summer50^
Summer51%
Summer51@
Summer52#
Summer53!
Summer53#
Summer53%
Summer54#
Summer54%
Summer54^
Summer55^
Summer56@
Summer56^
Summer56$
Summer57!
Summer58#
Summer58^
Summer58$
Summer59#
Summer60!
Summer60#
Summer60%
Summer60@
Summer60^
Summer61%
Summer61@
Summer62!
Summer62#
Summer62$
Summer64%
Summer65@
Summer66!
Summer66%
Summer66@
Summer66^
Summer67!
Summer67#
Summer67@
Summer68#
Summer68$
Summer69%
Summer69@
Summer70!
Summer70#
Summer70^
Summer71%
Summer71@
Summer72!
Summer72%
Summer72@
Summer72^
Summer73$
Summer74!
Summer74@
Summer74^
Summer75!
Summer75$
Summer76!
Summer76@
Summer76$
Summer77@
Summer77$
Summer79@
Summer79^
Summer79$
Summer80!
Summer80#
Summer80%
Summer80@
Summer80^
Summer81!
Summer81#
Summer82#
Summer83#
Summer83%
Summer83^
Summer83$
Summer84#
Summer84@
Summer84^
Summer85#
Summer85@
Summer85^
Summer86@
Summer86$
Summer87!
Summer88!
Summer88#
Summer88@
Summer89@
Summer89^
Summer89$
Summer90%
Summer90^
Summer91#
Summer91%
Summer91^
Summer92!
Summer92@
Summer92$
Summer93!
Summer93#
Summer94!
Summer94%
Summer94@
Summer95!
Summer95@
Summer95$
Summer96!
Summer96#
Summer96@
Summer96^
Summer97#
Summer97%
Summer97@
Summer97^
Summer98!
Summer98@
Summer98$
Summer99!
Summer99#
Summer99^
Summer99$
